<?xml version="1.0" encoding="utf-8"?><testsuites><testsuite name="pytest" errors="0" failures="0" skipped="0" tests="4" time="1.444" timestamp="2025-03-06T00:26:20.152689" hostname="Sebastians-MBP"><testcase classname="tests.api.test_api.TestBatchPipeline" name="test_should_failed_unkown_column_1" time="0.014" /><testcase classname="tests.api.test_api.TestBatchPipeline" name="test_should_failed_unkown_column_2" time="0.002" /><testcase classname="tests.api.test_api.TestBatchPipeline" name="test_should_failed_unkown_column_3" time="0.002" /><testcase classname="tests.api.test_api.TestBatchPipeline" name="test_should_get_predict" time="0.016" /></testsuite></testsuites>